2026-08-18T11:54:02.126Z  round 8b start  device=PE2  peer=10.255.0.31  65000->65001 +ebgp-multihop  dry_run=False
2026-08-18T11:54:02.126Z  opening sampler session
2026-08-18T11:54:02.921Z  opening injector session
2026-08-18T11:54:07.131Z  baseline captured (6 sections)
2026-08-18T11:54:07.132Z  --- baseline: 4 samples ---
2026-08-18T11:54:13.397Z    session: {'present': True, 'remote_as': '65000', 'state': 'Established', 'established': True}
2026-08-18T11:54:13.397Z    neighbor: fsm=Established read=True write=True io=False reported=True
2026-08-18T11:54:13.398Z    raw: Socket not armed for io, armed for read, armed for write
2026-08-18T11:54:13.398Z    bfd: {'present': True, 'state': 'No'}
2026-08-18T11:54:13.398Z    instrument check: socket armed for read on 4 of 4 baseline samples
2026-08-18T11:54:13.398Z  --- applying: remote-as 65001 + ebgp-multihop 5 ---
2026-08-18T11:54:13.875Z  applied (push said 'sent+committed+exited') — dense sampling for 900s (~39 retry cycles expected)
2026-08-18T11:54:35.086Z    ** sample 044 [post_fault_dense] SEPARATION — socket armed for read, session not Established (fsm Connect)
2026-08-18T11:54:35.086Z       raw: Socket not armed for io, armed for read, armed for write
2026-08-18T11:54:35.604Z    ** sample 045 [post_fault_dense] SEPARATION — socket armed for read, session not Established (fsm Connect)
2026-08-18T11:54:35.604Z       raw: Socket not armed for io, armed for read, armed for write
2026-08-18T11:54:36.142Z    ** sample 046 [post_fault_dense] SEPARATION — socket armed for read, session not Established (fsm Connect)
2026-08-18T11:54:36.142Z       raw: Socket not armed for io, armed for read, armed for write
2026-08-18T11:55:01.593Z    ** sample 094 [post_fault_dense] SEPARATION — socket armed for read, session not Established (fsm Connect)
2026-08-18T11:55:01.593Z       raw: Socket not armed for io, armed for read, armed for write
2026-08-18T11:55:02.131Z    ** sample 095 [post_fault_dense] SEPARATION — socket armed for read, session not Established (fsm Connect)
2026-08-18T11:55:02.131Z       raw: Socket not armed for io, armed for read, armed for write
2026-08-18T11:55:02.659Z    ** sample 096 [post_fault_dense] SEPARATION — socket armed for read, session not Established (fsm Connect)
2026-08-18T11:55:02.659Z       raw: Socket not armed for io, armed for read, armed for write
2026-08-18T11:55:21.811Z    ** sample 132 [post_fault_dense] SEPARATION — socket armed for read, session not Established (fsm Connect)
2026-08-18T11:55:21.812Z       raw: Socket not armed for io, armed for read, armed for write
2026-08-18T11:55:22.339Z    ** sample 133 [post_fault_dense] SEPARATION — socket armed for read, session not Established (fsm Connect)
2026-08-18T11:55:22.339Z       raw: Socket not armed for io, armed for read, armed for write
2026-08-18T11:55:22.867Z    ** sample 134 [post_fault_dense] SEPARATION — socket armed for read, session not Established (fsm Connect)
2026-08-18T11:55:22.867Z       raw: Socket not armed for io, armed for read, armed for write
2026-08-18T11:55:23.405Z    ** sample 135 [post_fault_dense] SEPARATION — socket armed for read, session not Established (fsm Connect)
2026-08-18T11:55:23.405Z       raw: Socket not armed for io, armed for read, armed for write
2026-08-18T11:55:50.403Z    ** sample 186 [post_fault_dense] SEPARATION — socket armed for read, session not Established (fsm Connect)
2026-08-18T11:55:50.403Z       raw: Socket not armed for io, armed for read, armed for write
2026-08-18T11:55:50.921Z    ** sample 187 [post_fault_dense] SEPARATION — socket armed for read, session not Established (fsm Connect)
2026-08-18T11:55:50.921Z       raw: Socket not armed for io, armed for read, armed for write
2026-08-18T11:55:51.459Z    ** sample 188 [post_fault_dense] SEPARATION — socket armed for read, session not Established (fsm Connect)
2026-08-18T11:55:51.459Z       raw: Socket not armed for io, armed for read, armed for write
2026-08-18T11:55:51.986Z    ** sample 189 [post_fault_dense] SEPARATION — socket armed for read, session not Established (fsm Connect)
2026-08-18T11:55:51.986Z       raw: Socket not armed for io, armed for read, armed for write
2026-08-18T11:56:08.401Z    ** sample 220 [post_fault_dense] SEPARATION — socket armed for read, session not Established (fsm Connect)
2026-08-18T11:56:08.401Z       raw: Socket not armed for io, armed for read, armed for write
2026-08-18T11:56:08.929Z    ** sample 221 [post_fault_dense] SEPARATION — socket armed for read, session not Established (fsm Connect)
2026-08-18T11:56:08.929Z       raw: Socket not armed for io, armed for read, armed for write
2026-08-18T11:56:09.457Z    ** sample 222 [post_fault_dense] SEPARATION — socket armed for read, session not Established (fsm Connect)
2026-08-18T11:56:09.457Z       raw: Socket not armed for io, armed for read, armed for write
2026-08-18T11:56:37.451Z    ** sample 275 [post_fault_dense] SEPARATION — socket armed for read, session not Established (fsm Connect)
2026-08-18T11:56:37.451Z       raw: Socket not armed for io, armed for read, armed for write
2026-08-18T11:56:37.989Z    ** sample 276 [post_fault_dense] SEPARATION — socket armed for read, session not Established (fsm Connect)
2026-08-18T11:56:37.989Z       raw: Socket not armed for io, armed for read, armed for write
2026-08-18T11:56:38.496Z    ** sample 277 [post_fault_dense] SEPARATION — socket armed for read, session not Established (fsm Connect)
2026-08-18T11:56:38.496Z       raw: Socket not armed for io, armed for read, armed for write
2026-08-18T11:56:39.044Z    ** sample 278 [post_fault_dense] SEPARATION — socket armed for read, session not Established (fsm Connect)
2026-08-18T11:56:39.044Z       raw: Socket not armed for io, armed for read, armed for write
2026-08-18T11:56:59.677Z    ** sample 317 [post_fault_dense] SEPARATION — socket armed for read, session not Established (fsm Connect)
2026-08-18T11:56:59.677Z       raw: Socket not armed for io, armed for read, armed for write
2026-08-18T11:57:00.215Z    ** sample 318 [post_fault_dense] SEPARATION — socket armed for read, session not Established (fsm Connect)
2026-08-18T11:57:00.215Z       raw: Socket not armed for io, armed for read, armed for write
2026-08-18T11:57:00.722Z    ** sample 319 [post_fault_dense] SEPARATION — socket armed for read, session not Established (fsm Connect)
2026-08-18T11:57:00.722Z       raw: Socket not armed for io, armed for read, armed for write
2026-08-18T11:57:01.249Z    ** sample 320 [post_fault_dense] SEPARATION — socket armed for read, session not Established (fsm Connect)
2026-08-18T11:57:01.249Z       raw: Socket not armed for io, armed for read, armed for write
2026-08-18T11:57:17.616Z    ** sample 351 [post_fault_dense] SEPARATION — socket armed for read, session not Established (fsm Connect)
2026-08-18T11:57:17.617Z       raw: Socket not armed for io, armed for read, armed for write
2026-08-18T11:57:18.153Z    ** sample 352 [post_fault_dense] SEPARATION — socket armed for read, session not Established (fsm Connect)
2026-08-18T11:57:18.153Z       raw: Socket not armed for io, armed for read, armed for write
2026-08-18T11:57:18.691Z    ** sample 353 [post_fault_dense] SEPARATION — socket armed for read, session not Established (fsm Connect)
2026-08-18T11:57:18.691Z       raw: Socket not armed for io, armed for read, armed for write
2026-08-18T11:57:49.415Z    ** sample 411 [post_fault_dense] SEPARATION — socket armed for read, session not Established (fsm Connect)
2026-08-18T11:57:49.415Z       raw: Socket not armed for io, armed for read, armed for write
2026-08-18T11:57:49.943Z    ** sample 412 [post_fault_dense] SEPARATION — socket armed for read, session not Established (fsm Connect)
2026-08-18T11:57:49.943Z       raw: Socket not armed for io, armed for read, armed for write
2026-08-18T11:57:50.483Z    ** sample 413 [post_fault_dense] SEPARATION — socket armed for read, session not Established (fsm Connect)
2026-08-18T11:57:50.483Z       raw: Socket not armed for io, armed for read, armed for write
2026-08-18T11:58:12.685Z    ** sample 455 [post_fault_dense] SEPARATION — socket armed for read, session not Established (fsm Connect)
2026-08-18T11:58:12.685Z       raw: Socket not armed for io, armed for read, armed for write
2026-08-18T11:58:13.223Z    ** sample 456 [post_fault_dense] SEPARATION — socket armed for read, session not Established (fsm Connect)
2026-08-18T11:58:13.223Z       raw: Socket not armed for io, armed for read, armed for write
2026-08-18T11:58:13.751Z    ** sample 457 [post_fault_dense] SEPARATION — socket armed for read, session not Established (fsm Connect)
2026-08-18T11:58:13.751Z       raw: Socket not armed for io, armed for read, armed for write
2026-08-18T11:58:14.289Z    ** sample 458 [post_fault_dense] SEPARATION — socket armed for read, session not Established (fsm Connect)
2026-08-18T11:58:14.289Z       raw: Socket not armed for io, armed for read, armed for write
2026-08-18T11:58:34.482Z    ** sample 496 [post_fault_dense] SEPARATION — socket armed for read, session not Established (fsm Connect)
2026-08-18T11:58:34.482Z       raw: Socket not armed for io, armed for read, armed for write
2026-08-18T11:58:35.020Z    ** sample 497 [post_fault_dense] SEPARATION — socket armed for read, session not Established (fsm Connect)
2026-08-18T11:58:35.020Z       raw: Socket not armed for io, armed for read, armed for write
2026-08-18T11:58:35.557Z    ** sample 498 [post_fault_dense] SEPARATION — socket armed for read, session not Established (fsm Connect)
2026-08-18T11:58:35.557Z       raw: Socket not armed for io, armed for read, armed for write
2026-08-18T11:58:52.541Z    ** sample 530 [post_fault_dense] SEPARATION — socket armed for read, session not Established (fsm Connect)
2026-08-18T11:58:52.541Z       raw: Socket not armed for io, armed for read, armed for write
2026-08-18T11:58:53.068Z    ** sample 531 [post_fault_dense] SEPARATION — socket armed for read, session not Established (fsm Connect)
2026-08-18T11:58:53.068Z       raw: Socket not armed for io, armed for read, armed for write
2026-08-18T11:58:53.595Z    ** sample 532 [post_fault_dense] SEPARATION — socket armed for read, session not Established (fsm Connect)
2026-08-18T11:58:53.595Z       raw: Socket not armed for io, armed for read, armed for write
2026-08-18T11:58:54.133Z    ** sample 533 [post_fault_dense] SEPARATION — socket armed for read, session not Established (fsm Connect)
2026-08-18T11:58:54.133Z       raw: Socket not armed for io, armed for read, armed for write
2026-08-18T11:59:13.229Z    ** sample 569 [post_fault_dense] SEPARATION — socket armed for read, session not Established (fsm Connect)
2026-08-18T11:59:13.229Z       raw: Socket not armed for io, armed for read, armed for write
2026-08-18T11:59:13.767Z    ** sample 570 [post_fault_dense] SEPARATION — socket armed for read, session not Established (fsm Connect)
2026-08-18T11:59:13.767Z       raw: Socket not armed for io, armed for read, armed for write
2026-08-18T11:59:14.295Z    ** sample 571 [post_fault_dense] SEPARATION — socket armed for read, session not Established (fsm Connect)
2026-08-18T11:59:14.295Z       raw: Socket not armed for io, armed for read, armed for write
2026-08-18T11:59:14.812Z    ** sample 572 [post_fault_dense] SEPARATION — socket armed for read, session not Established (fsm Connect)
2026-08-18T11:59:14.812Z       raw: Socket not armed for io, armed for read, armed for write
2026-08-18T11:59:40.722Z    ** sample 621 [post_fault_dense] SEPARATION — socket armed for read, session not Established (fsm Connect)
2026-08-18T11:59:40.722Z       raw: Socket not armed for io, armed for read, armed for write
2026-08-18T11:59:41.260Z    ** sample 622 [post_fault_dense] SEPARATION — socket armed for read, session not Established (fsm Connect)
2026-08-18T11:59:41.260Z       raw: Socket not armed for io, armed for read, armed for write
2026-08-18T11:59:41.798Z    ** sample 623 [post_fault_dense] SEPARATION — socket armed for read, session not Established (fsm Connect)
2026-08-18T11:59:41.798Z       raw: Socket not armed for io, armed for read, armed for write
2026-08-18T11:59:42.325Z    ** sample 624 [post_fault_dense] SEPARATION — socket armed for read, session not Established (fsm Connect)
2026-08-18T11:59:42.325Z       raw: Socket not armed for io, armed for read, armed for write
2026-08-18T12:00:10.379Z    ** sample 677 [post_fault_dense] SEPARATION — socket armed for read, session not Established (fsm Connect)
2026-08-18T12:00:10.379Z       raw: Socket not armed for io, armed for read, armed for write
2026-08-18T12:00:10.896Z    ** sample 678 [post_fault_dense] SEPARATION — socket armed for read, session not Established (fsm Connect)
2026-08-18T12:00:10.896Z       raw: Socket not armed for io, armed for read, armed for write
2026-08-18T12:00:11.414Z    ** sample 679 [post_fault_dense] SEPARATION — socket armed for read, session not Established (fsm Connect)
2026-08-18T12:00:11.414Z       raw: Socket not armed for io, armed for read, armed for write
2026-08-18T12:00:11.942Z    ** sample 680 [post_fault_dense] SEPARATION — socket armed for read, session not Established (fsm Connect)
2026-08-18T12:00:11.942Z       raw: Socket not armed for io, armed for read, armed for write
2026-08-18T12:00:33.540Z    ** sample 721 [post_fault_dense] SEPARATION — socket armed for read, session not Established (fsm Connect)
2026-08-18T12:00:33.540Z       raw: Socket not armed for io, armed for read, armed for write
2026-08-18T12:00:34.068Z    ** sample 722 [post_fault_dense] SEPARATION — socket armed for read, session not Established (fsm Connect)
2026-08-18T12:00:34.068Z       raw: Socket not armed for io, armed for read, armed for write
2026-08-18T12:00:34.605Z    ** sample 723 [post_fault_dense] SEPARATION — socket armed for read, session not Established (fsm Connect)
2026-08-18T12:00:34.605Z       raw: Socket not armed for io, armed for read, armed for write
2026-08-18T12:00:35.132Z    ** sample 724 [post_fault_dense] SEPARATION — socket armed for read, session not Established (fsm Connect)
2026-08-18T12:00:35.132Z       raw: Socket not armed for io, armed for read, armed for write
2026-08-18T12:00:58.949Z    ** sample 769 [post_fault_dense] SEPARATION — socket armed for read, session not Established (fsm Connect)
2026-08-18T12:00:58.950Z       raw: Socket not armed for io, armed for read, armed for write
2026-08-18T12:00:59.487Z    ** sample 770 [post_fault_dense] SEPARATION — socket armed for read, session not Established (fsm Connect)
2026-08-18T12:00:59.488Z       raw: Socket not armed for io, armed for read, armed for write
2026-08-18T12:01:00.026Z    ** sample 771 [post_fault_dense] SEPARATION — socket armed for read, session not Established (fsm Connect)
2026-08-18T12:01:00.026Z       raw: Socket not armed for io, armed for read, armed for write
2026-08-18T12:01:29.622Z    ** sample 827 [post_fault_dense] SEPARATION — socket armed for read, session not Established (fsm Connect)
2026-08-18T12:01:29.622Z       raw: Socket not armed for io, armed for read, armed for write
2026-08-18T12:01:30.149Z    ** sample 828 [post_fault_dense] SEPARATION — socket armed for read, session not Established (fsm Connect)
2026-08-18T12:01:30.149Z       raw: Socket not armed for io, armed for read, armed for write
2026-08-18T12:01:30.686Z    ** sample 829 [post_fault_dense] SEPARATION — socket armed for read, session not Established (fsm Connect)
2026-08-18T12:01:30.687Z       raw: Socket not armed for io, armed for read, armed for write
2026-08-18T12:01:54.575Z    ** sample 874 [post_fault_dense] SEPARATION — socket armed for read, session not Established (fsm Connect)
2026-08-18T12:01:54.576Z       raw: Socket not armed for io, armed for read, armed for write
2026-08-18T12:01:55.103Z    ** sample 875 [post_fault_dense] SEPARATION — socket armed for read, session not Established (fsm Connect)
2026-08-18T12:01:55.103Z       raw: Socket not armed for io, armed for read, armed for write
2026-08-18T12:01:55.630Z    ** sample 876 [post_fault_dense] SEPARATION — socket armed for read, session not Established (fsm Connect)
2026-08-18T12:01:55.631Z       raw: Socket not armed for io, armed for read, armed for write
2026-08-18T12:01:56.168Z    ** sample 877 [post_fault_dense] SEPARATION — socket armed for read, session not Established (fsm Connect)
2026-08-18T12:01:56.168Z       raw: Socket not armed for io, armed for read, armed for write
2026-08-18T12:02:15.220Z    ** sample 913 [post_fault_dense] SEPARATION — socket armed for read, session not Established (fsm Connect)
2026-08-18T12:02:15.220Z       raw: Socket not armed for io, armed for read, armed for write
2026-08-18T12:02:15.758Z    ** sample 914 [post_fault_dense] SEPARATION — socket armed for read, session not Established (fsm Connect)
2026-08-18T12:02:15.758Z       raw: Socket not armed for io, armed for read, armed for write
2026-08-18T12:02:16.286Z    ** sample 915 [post_fault_dense] SEPARATION — socket armed for read, session not Established (fsm Connect)
2026-08-18T12:02:16.286Z       raw: Socket not armed for io, armed for read, armed for write
2026-08-18T12:02:16.804Z    ** sample 916 [post_fault_dense] SEPARATION — socket armed for read, session not Established (fsm Connect)
2026-08-18T12:02:16.804Z       raw: Socket not armed for io, armed for read, armed for write
2026-08-18T12:02:45.466Z    ** sample 970 [post_fault_dense] SEPARATION — socket armed for read, session not Established (fsm Connect)
2026-08-18T12:02:45.466Z       raw: Socket not armed for io, armed for read, armed for write
2026-08-18T12:02:45.993Z    ** sample 971 [post_fault_dense] SEPARATION — socket armed for read, session not Established (fsm Connect)
2026-08-18T12:02:45.993Z       raw: Socket not armed for io, armed for read, armed for write
2026-08-18T12:02:46.520Z    ** sample 972 [post_fault_dense] SEPARATION — socket armed for read, session not Established (fsm Connect)
2026-08-18T12:02:46.521Z       raw: Socket not armed for io, armed for read, armed for write
2026-08-18T12:02:47.058Z    ** sample 973 [post_fault_dense] SEPARATION — socket armed for read, session not Established (fsm Connect)
2026-08-18T12:02:47.058Z       raw: Socket not armed for io, armed for read, armed for write
2026-08-18T12:03:06.655Z    ** sample 1010 [post_fault_dense] SEPARATION — socket armed for read, session not Established (fsm Connect)
2026-08-18T12:03:06.655Z       raw: Socket not armed for io, armed for read, armed for write
2026-08-18T12:03:07.192Z    ** sample 1011 [post_fault_dense] SEPARATION — socket armed for read, session not Established (fsm Connect)
2026-08-18T12:03:07.192Z       raw: Socket not armed for io, armed for read, armed for write
2026-08-18T12:03:07.720Z    ** sample 1012 [post_fault_dense] SEPARATION — socket armed for read, session not Established (fsm Connect)
2026-08-18T12:03:07.720Z       raw: Socket not armed for io, armed for read, armed for write
2026-08-18T12:03:08.258Z    ** sample 1013 [post_fault_dense] SEPARATION — socket armed for read, session not Established (fsm Connect)
2026-08-18T12:03:08.258Z       raw: Socket not armed for io, armed for read, armed for write
2026-08-18T12:03:36.769Z    ** sample 1067 [post_fault_dense] SEPARATION — socket armed for read, session not Established (fsm Connect)
2026-08-18T12:03:36.769Z       raw: Socket not armed for io, armed for read, armed for write
2026-08-18T12:03:37.307Z    ** sample 1068 [post_fault_dense] SEPARATION — socket armed for read, session not Established (fsm Connect)
2026-08-18T12:03:37.308Z       raw: Socket not armed for io, armed for read, armed for write
2026-08-18T12:03:37.845Z    ** sample 1069 [post_fault_dense] SEPARATION — socket armed for read, session not Established (fsm Connect)
2026-08-18T12:03:37.845Z       raw: Socket not armed for io, armed for read, armed for write
2026-08-18T12:03:38.373Z    ** sample 1070 [post_fault_dense] SEPARATION — socket armed for read, session not Established (fsm Connect)
2026-08-18T12:03:38.373Z       raw: Socket not armed for io, armed for read, armed for write
2026-08-18T12:04:06.500Z    ** sample 1123 [post_fault_dense] SEPARATION — socket armed for read, session not Established (fsm Connect)
2026-08-18T12:04:06.500Z       raw: Socket not armed for io, armed for read, armed for write
2026-08-18T12:04:07.017Z    ** sample 1124 [post_fault_dense] SEPARATION — socket armed for read, session not Established (fsm Connect)
2026-08-18T12:04:07.017Z       raw: Socket not armed for io, armed for read, armed for write
2026-08-18T12:04:07.534Z    ** sample 1125 [post_fault_dense] SEPARATION — socket armed for read, session not Established (fsm Connect)
2026-08-18T12:04:07.534Z       raw: Socket not armed for io, armed for read, armed for write
2026-08-18T12:04:08.062Z    ** sample 1126 [post_fault_dense] SEPARATION — socket armed for read, session not Established (fsm Connect)
2026-08-18T12:04:08.062Z       raw: Socket not armed for io, armed for read, armed for write
2026-08-18T12:04:29.752Z    ** sample 1167 [post_fault_dense] SEPARATION — socket armed for read, session not Established (fsm Connect)
2026-08-18T12:04:29.752Z       raw: Socket not armed for io, armed for read, armed for write
2026-08-18T12:04:30.269Z    ** sample 1168 [post_fault_dense] SEPARATION — socket armed for read, session not Established (fsm Connect)
2026-08-18T12:04:30.269Z       raw: Socket not armed for io, armed for read, armed for write
2026-08-18T12:04:30.807Z    ** sample 1169 [post_fault_dense] SEPARATION — socket armed for read, session not Established (fsm Connect)
2026-08-18T12:04:30.807Z       raw: Socket not armed for io, armed for read, armed for write
2026-08-18T12:05:00.950Z    ** sample 1226 [post_fault_dense] SEPARATION — socket armed for read, session not Established (fsm Connect)
2026-08-18T12:05:00.950Z       raw: Socket not armed for io, armed for read, armed for write
2026-08-18T12:05:01.488Z    ** sample 1227 [post_fault_dense] SEPARATION — socket armed for read, session not Established (fsm Connect)
2026-08-18T12:05:01.488Z       raw: Socket not armed for io, armed for read, armed for write
2026-08-18T12:05:02.018Z    ** sample 1228 [post_fault_dense] SEPARATION — socket armed for read, session not Established (fsm Connect)
2026-08-18T12:05:02.019Z       raw: Socket not armed for io, armed for read, armed for write
2026-08-18T12:05:02.546Z    ** sample 1229 [post_fault_dense] SEPARATION — socket armed for read, session not Established (fsm Connect)
2026-08-18T12:05:02.546Z       raw: Socket not armed for io, armed for read, armed for write
2026-08-18T12:05:28.490Z    ** sample 1278 [post_fault_dense] SEPARATION — socket armed for read, session not Established (fsm Connect)
2026-08-18T12:05:28.491Z       raw: Socket not armed for io, armed for read, armed for write
2026-08-18T12:05:29.008Z    ** sample 1279 [post_fault_dense] SEPARATION — socket armed for read, session not Established (fsm Connect)
2026-08-18T12:05:29.008Z       raw: Socket not armed for io, armed for read, armed for write
2026-08-18T12:05:29.545Z    ** sample 1280 [post_fault_dense] SEPARATION — socket armed for read, session not Established (fsm Connect)
2026-08-18T12:05:29.545Z       raw: Socket not armed for io, armed for read, armed for write
2026-08-18T12:05:30.073Z    ** sample 1281 [post_fault_dense] SEPARATION — socket armed for read, session not Established (fsm Connect)
2026-08-18T12:05:30.073Z       raw: Socket not armed for io, armed for read, armed for write
2026-08-18T12:05:58.752Z    ** sample 1335 [post_fault_dense] SEPARATION — socket armed for read, session not Established (fsm Connect)
2026-08-18T12:05:58.752Z       raw: Socket not armed for io, armed for read, armed for write
2026-08-18T12:05:59.290Z    ** sample 1336 [post_fault_dense] SEPARATION — socket armed for read, session not Established (fsm Connect)
2026-08-18T12:05:59.290Z       raw: Socket not armed for io, armed for read, armed for write
2026-08-18T12:05:59.827Z    ** sample 1337 [post_fault_dense] SEPARATION — socket armed for read, session not Established (fsm Connect)
2026-08-18T12:05:59.827Z       raw: Socket not armed for io, armed for read, armed for write
2026-08-18T12:06:00.344Z    ** sample 1338 [post_fault_dense] SEPARATION — socket armed for read, session not Established (fsm Connect)
2026-08-18T12:06:00.344Z       raw: Socket not armed for io, armed for read, armed for write
2026-08-18T12:06:16.766Z    ** sample 1369 [post_fault_dense] SEPARATION — socket armed for read, session not Established (fsm Connect)
2026-08-18T12:06:16.766Z       raw: Socket not armed for io, armed for read, armed for write
2026-08-18T12:06:17.293Z    ** sample 1370 [post_fault_dense] SEPARATION — socket armed for read, session not Established (fsm Connect)
2026-08-18T12:06:17.293Z       raw: Socket not armed for io, armed for read, armed for write
2026-08-18T12:06:17.841Z    ** sample 1371 [post_fault_dense] SEPARATION — socket armed for read, session not Established (fsm Connect)
2026-08-18T12:06:17.841Z       raw: Socket not armed for io, armed for read, armed for write
2026-08-18T12:06:42.690Z    ** sample 1418 [post_fault_dense] SEPARATION — socket armed for read, session not Established (fsm Connect)
2026-08-18T12:06:42.690Z       raw: Socket not armed for io, armed for read, armed for write
2026-08-18T12:06:43.218Z    ** sample 1419 [post_fault_dense] SEPARATION — socket armed for read, session not Established (fsm Connect)
2026-08-18T12:06:43.218Z       raw: Socket not armed for io, armed for read, armed for write
2026-08-18T12:06:43.735Z    ** sample 1420 [post_fault_dense] SEPARATION — socket armed for read, session not Established (fsm Connect)
2026-08-18T12:06:43.735Z       raw: Socket not armed for io, armed for read, armed for write
2026-08-18T12:06:44.283Z    ** sample 1421 [post_fault_dense] SEPARATION — socket armed for read, session not Established (fsm Connect)
2026-08-18T12:06:44.283Z       raw: Socket not armed for io, armed for read, armed for write
2026-08-18T12:07:13.388Z    ** sample 1476 [post_fault_dense] SEPARATION — socket armed for read, session not Established (fsm OpenSent)
2026-08-18T12:07:13.388Z       raw: Socket not armed for io, armed for read, armed for write
2026-08-18T12:07:13.926Z    ** sample 1477 [post_fault_dense] SEPARATION — socket armed for read, session not Established (fsm OpenSent)
2026-08-18T12:07:13.926Z       raw: Socket not armed for io, armed for read, armed for write
2026-08-18T12:07:14.453Z    ** sample 1478 [post_fault_dense] SEPARATION — socket armed for read, session not Established (fsm OpenSent)
2026-08-18T12:07:14.453Z       raw: Socket not armed for io, armed for read, armed for write
2026-08-18T12:07:14.981Z    ** sample 1479 [post_fault_dense] SEPARATION — socket armed for read, session not Established (fsm OpenSent)
2026-08-18T12:07:14.981Z       raw: Socket not armed for io, armed for read, armed for write
2026-08-18T12:07:35.066Z    ** sample 1517 [post_fault_dense] SEPARATION — socket armed for read, session not Established (fsm Connect)
2026-08-18T12:07:35.066Z       raw: Socket not armed for io, armed for read, armed for write
2026-08-18T12:07:35.584Z    ** sample 1518 [post_fault_dense] SEPARATION — socket armed for read, session not Established (fsm Connect)
2026-08-18T12:07:35.584Z       raw: Socket not armed for io, armed for read, armed for write
2026-08-18T12:07:36.122Z    ** sample 1519 [post_fault_dense] SEPARATION — socket armed for read, session not Established (fsm Connect)
2026-08-18T12:07:36.122Z       raw: Socket not armed for io, armed for read, armed for write
2026-08-18T12:07:36.639Z    ** sample 1520 [post_fault_dense] SEPARATION — socket armed for read, session not Established (fsm Connect)
2026-08-18T12:07:36.639Z       raw: Socket not armed for io, armed for read, armed for write
2026-08-18T12:08:00.937Z    ** sample 1566 [post_fault_dense] SEPARATION — socket armed for read, session not Established (fsm Connect)
2026-08-18T12:08:00.937Z       raw: Socket not armed for io, armed for read, armed for write
2026-08-18T12:08:01.464Z    ** sample 1567 [post_fault_dense] SEPARATION — socket armed for read, session not Established (fsm Connect)
2026-08-18T12:08:01.465Z       raw: Socket not armed for io, armed for read, armed for write
2026-08-18T12:08:01.993Z    ** sample 1568 [post_fault_dense] SEPARATION — socket armed for read, session not Established (fsm Connect)
2026-08-18T12:08:01.993Z       raw: Socket not armed for io, armed for read, armed for write
2026-08-18T12:08:02.532Z    ** sample 1569 [post_fault_dense] SEPARATION — socket armed for read, session not Established (fsm Connect)
2026-08-18T12:08:02.533Z       raw: Socket not armed for io, armed for read, armed for write
2026-08-18T12:08:33.189Z    ** sample 1627 [post_fault_dense] SEPARATION — socket armed for read, session not Established (fsm Connect)
2026-08-18T12:08:33.189Z       raw: Socket not armed for io, armed for read, armed for write
2026-08-18T12:08:33.716Z    ** sample 1628 [post_fault_dense] SEPARATION — socket armed for read, session not Established (fsm Connect)
2026-08-18T12:08:33.717Z       raw: Socket not armed for io, armed for read, armed for write
2026-08-18T12:08:34.244Z    ** sample 1629 [post_fault_dense] SEPARATION — socket armed for read, session not Established (fsm Connect)
2026-08-18T12:08:34.244Z       raw: Socket not armed for io, armed for read, armed for write
2026-08-18T12:09:04.793Z    ** sample 1687 [post_fault_dense] SEPARATION — socket armed for read, session not Established (fsm Connect)
2026-08-18T12:09:04.793Z       raw: Socket not armed for io, armed for read, armed for write
2026-08-18T12:09:05.331Z    ** sample 1688 [post_fault_dense] SEPARATION — socket armed for read, session not Established (fsm Connect)
2026-08-18T12:09:05.331Z       raw: Socket not armed for io, armed for read, armed for write
2026-08-18T12:09:05.848Z    ** sample 1689 [post_fault_dense] SEPARATION — socket armed for read, session not Established (fsm Connect)
2026-08-18T12:09:05.848Z       raw: Socket not armed for io, armed for read, armed for write
2026-08-18T12:09:06.386Z    ** sample 1690 [post_fault_dense] SEPARATION — socket armed for read, session not Established (fsm Connect)
2026-08-18T12:09:06.386Z       raw: Socket not armed for io, armed for read, armed for write
2026-08-18T12:09:14.295Z  --- dense done, sparse for 60s ---
2026-08-18T12:09:35.867Z    ** sample 1710 [post_fault_settle] SEPARATION — socket armed for read, session not Established (fsm Connect)
2026-08-18T12:09:35.867Z       raw: Socket not armed for io, armed for read, armed for write
2026-08-18T12:10:05.878Z    ** sample 1716 [post_fault_settle] SEPARATION — socket armed for read, session not Established (fsm Connect)
2026-08-18T12:10:05.878Z       raw: Socket not armed for io, armed for read, armed for write
2026-08-18T12:10:14.297Z  RESTORE starting (round-complete)
2026-08-18T12:10:22.821Z  RESTORE verified on attempt 1 — config identical, no ebgp-multihop remaining (push said 'sent+committed+exited')
2026-08-18T12:10:22.821Z  --- 60s of post-restore sampling ---
2026-08-18T12:11:22.823Z  --- verdict ---
2026-08-18T12:11:22.851Z    instrument: {'baseline_samples': 4, 'baseline_socket_armed_read': 4, 'baseline_trustworthy': True, 'post_established_samples': 12, 'post_established_socket_armed_read': 12, 'fault_landed': True}
2026-08-18T12:11:22.851Z    samples_post_fault: 1725
2026-08-18T12:11:22.851Z    mean_sample_seconds: 0.543
2026-08-18T12:11:22.851Z    SEPARATION_OBSERVED: True
2026-08-18T12:11:22.851Z    separation_sample_count: 131
2026-08-18T12:11:22.851Z    samples_socket_armed_read: 143
2026-08-18T12:11:22.851Z    samples_socket_not_reported: 0
2026-08-18T12:11:22.851Z    fsm_states_seen: ['Closing', 'Connect', 'Established', 'Idle', 'OpenSent']
2026-08-18T12:11:22.851Z    reset_kinds_seen: ['config_changed', 'hold_expired', 'wrong_as']
2026-08-18T12:11:22.851Z    bfd_states_seen: ['No']
2026-08-18T12:11:22.851Z    discriminator_tcp_established: True
2026-08-18T12:11:22.851Z    discriminator_reset_names_as: True
2026-08-18T12:11:22.851Z    discriminator_reset_names_bfd: False
2026-08-18T12:11:22.851Z    note: Socket armed for read while the session was not Established. Rungs 1 and 2 separate, captured rather than composed. §2a.2 holds.
2026-08-18T12:11:22.852Z  round 8b complete
