2026-08-17T15:10:01.594Z  round 7 start  device=PE2  shut=Gi0/0/0/0  survivor=Gi0/0/0/1  route=show route 10.255.0.31  dry_run=True
2026-08-17T15:10:01.595Z  opening sampler session
2026-08-17T15:10:02.368Z  opening injector session
2026-08-17T15:10:06.097Z  baseline captured (5 sections)
2026-08-17T15:10:06.098Z  --- baseline: 5 samples before any change ---
2026-08-17T15:10:11.309Z    route names: [{'via': 'GigabitEthernet0/0/0/0', 'role': 'Protected'}, {'via': 'GigabitEthernet0/0/0/1', 'role': 'Backup (Local-LFA)'}]
2026-08-17T15:10:11.309Z    Gi0/0/0/0: up/up
2026-08-17T15:10:11.309Z  --- applying: shutdown Gi0/0/0/0 ---
2026-08-17T15:10:11.309Z  applied (push said 'dry-run') — sampling dense for 90s
2026-08-17T15:11:41.580Z  --- dense window done, sparse for 60s ---
2026-08-17T15:12:41.582Z  --- restoring: no shutdown Gi0/0/0/0, sampling through it ---
2026-08-17T15:13:41.704Z  RESTORE starting (round-complete)
2026-08-17T15:13:41.704Z  RESTORE verified (dry-run: nothing written)
2026-08-17T15:13:41.708Z  --- verdict ---
2026-08-17T15:13:41.709Z    samples: 162
2026-08-17T15:13:41.709Z    mean_sample_seconds: 1.037
2026-08-17T15:13:41.709Z    samples_with_port_down: 0
2026-08-17T15:13:41.709Z    samples_route_named_down_port: 0
2026-08-17T15:13:41.709Z    persisting_observed: False
2026-08-17T15:13:41.709Z    persisting_sample_count: 0
2026-08-17T15:13:41.709Z    persisting_span_samples: None
2026-08-17T15:13:41.709Z    estimated_window_seconds: 0.0
2026-08-17T15:13:41.710Z    note: No sample caught the route naming an already-down port. The window is bounded above by the sampling resolution (~1.037s), not measured as zero.
2026-08-17T15:13:41.732Z  round 7 complete
