2026-08-17T09:44:26.782Z  round 5 start  device=PE2 subject=RR1 10.255.0.12 dry_run=False interval=8s until=260s
2026-08-17T09:44:27.623Z  connected to PE2
2026-08-17T09:44:31.568Z  baseline captured  device_clock=09:44:31.003 UTC Mon Aug 17 2026  isis_adjacencies=2
2026-08-17T09:44:31.568Z  pre-fault probe (healthy baseline)
2026-08-17T09:44:36.327Z  probe 00  T+  -1.0s   4.76s  exit 0  all_layers_healthy  skew=None
2026-08-17T09:44:42.560Z  FAULT APPLIED  push='sent+committed+exited'  device_commit=None  isis_adjacencies=None
2026-08-17T09:44:42.560Z  probing every 8s until T+260s — NO wait for settle
2026-08-17T09:44:47.786Z  probe 01  T+   6.2s   5.23s  exit 0  no_fault_on_path  skew=None
2026-08-17T09:44:57.772Z  probe 02  T+  16.0s   5.44s  exit 0  no_fault_on_path  skew=None
2026-08-17T09:45:05.612Z  probe 03  T+  24.0s   5.28s  exit 0  no_fault_on_path  skew=None
2026-08-17T09:45:13.639Z  probe 04  T+  32.0s   5.31s  exit 0  no_fault_on_path  skew=None
2026-08-17T09:45:21.562Z  probe 05  T+  40.0s   5.23s  exit 0  no_fault_on_path  skew=None
2026-08-17T09:45:29.616Z  probe 06  T+  48.0s   5.29s  exit 0  no_fault_on_path  skew=None
2026-08-17T09:45:37.577Z  probe 07  T+  56.0s   5.25s  exit 0  no_fault_on_path  skew=None
2026-08-17T09:46:33.379Z  probe 08  T+  64.0s  53.05s  exit 2  temporally_incoherent  skew=None
2026-08-17T09:47:35.092Z  probe 09  T+ 117.1s  61.71s  exit 2  temporally_incoherent  skew=None
2026-08-17T09:48:31.563Z  probe 10  T+ 178.8s  56.47s  exit 2  temporally_incoherent  skew=None
2026-08-17T09:49:31.147Z  probe 11  T+ 235.2s  59.58s  exit 2  temporally_incoherent  skew=None
2026-08-17T09:49:31.147Z  waiting 45s for settle, then one final probe
2026-08-17T09:51:09.988Z  probe 99  T+ 339.8s  53.84s  exit 2  temporally_incoherent  skew=None
2026-08-17T09:51:09.988Z  RESTORE starting (round-complete)
2026-08-17T09:51:29.911Z  RESTORE attempt 1: 1 section(s) still differ
2026-08-17T09:51:41.238Z  RESTORE verified on attempt 2 (push said 'sent+committed+exited')
2026-08-17T09:51:41.770Z  post-restore isis_adjacencies=2
2026-08-17T09:51:41.781Z  round 5 complete
