2026-08-17T16:03:59.670Z  round 8 start  device=PE2  peer=10.255.0.31  65000->65001 +ebgp-multihop  dry_run=True
2026-08-17T16:03:59.670Z  opening sampler session
2026-08-17T16:04:00.509Z  opening injector session
2026-08-17T16:04:04.260Z  baseline captured (5 sections)
2026-08-17T16:04:04.261Z  --- baseline: 4 samples ---
2026-08-17T16:04:10.504Z    session: {'present': True, 'remote_as': '65000', 'state': 'Established', 'established': True}
2026-08-17T16:04:10.504Z    neighbor: fsm=Established socket_armed=False socket_reported=True
2026-08-17T16:04:10.504Z    bfd: {'present': True, 'state': 'No'}
2026-08-17T16:04:10.504Z  --- applying: remote-as 65001 + ebgp-multihop 5 ---
2026-08-17T16:04:10.504Z  applied (push said 'dry-run') — dense sampling for 240s
2026-08-17T16:08:11.009Z  --- dense done, sparse for 60s ---
2026-08-17T16:09:11.010Z  RESTORE starting (round-complete)
2026-08-17T16:09:11.011Z  RESTORE verified (dry-run: nothing written)
2026-08-17T16:09:11.011Z  --- 60s of post-restore sampling ---
2026-08-17T16:10:11.017Z  --- verdict ---
2026-08-17T16:10:11.017Z    samples_post_fault: 177
2026-08-17T16:10:11.017Z    mean_sample_seconds: 1.572
2026-08-17T16:10:11.017Z    SEPARATION_OBSERVED: False
2026-08-17T16:10:11.017Z    separation_sample_count: 0
2026-08-17T16:10:11.017Z    samples_socket_armed: 0
2026-08-17T16:10:11.017Z    samples_socket_not_reported: 0
2026-08-17T16:10:11.018Z    fsm_states_seen: ['Established']
2026-08-17T16:10:11.018Z    last_reset_reasons_seen: ['notification']
2026-08-17T16:10:11.018Z    bfd_states_seen: ['No']
2026-08-17T16:10:11.018Z    discriminator_tcp_established: False
2026-08-17T16:10:11.018Z    discriminator_reset_names_as: True
2026-08-17T16:10:11.018Z    discriminator_reset_names_bfd: False
2026-08-17T16:10:11.018Z    note: Socket never armed after the fault. The vector alone cannot distinguish the AS rejection from TTL/multihop or BFD — read last_reset_reasons_seen and bfd_states_seen before scoring. A separation shorter than the sampling resolution (~1.572s) is bounded above, not measured as absent.
2026-08-17T16:10:11.041Z  round 8 complete
